---
source: crates/query-engine/formatters/tests/gql_snapshots.rs
expression: run(&traversal())
---
// query_type: traversal, rows: 4, gql_version: 1.0.0
| path |
| (:User {id: 1, name: "Alice", username: "alice"})-[:AUTHORED]->(:MergeRequest {id: 10, iid: 5, state: "merged"}) |
| (:User {id: 1})-[:AUTHORED]->(:MergeRequest {id: 11, iid: 6, state: "opened"}) |
| (:User {id: 1})-[:MEMBER_OF*2]->(:Group {id: 200, full_path: "gitlab-org/orbit"}) |
| (:Project {id: 7, full_path: "gitlab-org/gitlab"}) |
